============================= test session starts =============================
platform win32 -- Python 3.10.11, pytest-9.1.1, pluggy-1.6.0
rootdir: C:\\Users\\mulug\\OneDrive\\\u30c9\u30ad\u30e5\u30e1\u30f3\u30c8\\Desktop\\CodeAtlas
configfile: pyproject.toml
plugins: anyio-4.14.1
collected 1 item

tests\test_architect.py F                                                [100%]

================================== FAILURES ===================================
_________________ test_architect_recommendations_and_advisors _________________
tests\test_architect.py:461: in test_architect_recommendations_and_advisors
    assert resp_anz.status_code == 200
E   assert 500 == 200
E    +  where 500 = <Response [500 Internal Server Error]>.status_code
---------------------------- Captured stderr call -----------------------------
Traceback (most recent call last):\n  File "C:\\Users\\mulug\\OneDrive\\\u30c9\u30ad\u30e5\u30e1\u30f3\u30c8\\Desktop\\CodeAtlas\\.venv\\lib\\site-packages\\sqlalchemy\\engine\\base.py", line 2127, in _exec_insertmany_context\n    dialect.do_execute(\n  File "C:\\Users\\mulug\\OneDrive\\\u30c9\u30ad\u30e5\u30e1\u30f3\u30c8\\Desktop\\CodeAtlas\\.venv\\lib\\site-packages\\sqlalchemy\\engine\\default.py", line 952, in do_execute\n    cursor.execute(statement, parameters)\nsqlite3.OperationalError: table architecture_recommendations has no column named recommendation_type\n\nThe above exception was the direct cause of the following exception:\n\nTraceback (most recent call last):\n  File "C:\\Users\\mulug\\OneDrive\\\u30c9\u30ad\u30e5\u30e1\u30f3\u30c8\\Desktop\\CodeAtlas\\tests\\..\\apps\\backend\\app\\api\\v1\\architect.py", line 336, in analyze_repository\n    return architect_service.analyze(db, repo_id)\n  File "C:\\Users\\mulug\\OneDrive\\\u30c9\u30ad\u30e5\u30e1\u30f3\u30c8\\Desktop\\CodeAtlas\\tests\\..\\apps\\backend\\app\\services\\architect_service.py", line 1160, in analyze\n    db.commit()\n  File "C:\\Users\\mulug\\OneDrive\\\u30c9\u30ad\u30e5\u30e1\u30f3\u30c8\\Desktop\\CodeAtlas\\.venv\\lib\\site-packages\\sqlalchemy\\orm\\session.py", line 2035, in commit\n    trans.commit(_to_root=True)\n  File "<string>", line 2, in commit\n  File "C:\\Users\\mulug\\OneDrive\\\u30c9\u30ad\u30e5\u30e1\u30f3\u30c8\\Desktop\\CodeAtlas\\.venv\\lib\\site-packages\\sqlalchemy\\orm\\state_changes.py", line 137, in _go\n    ret_value = fn(self, *arg, **kw)\n  File "C:\\Users\\mulug\\OneDrive\\\u30c9\u30ad\u30e5\u30e1\u30f3\u30c8\\Desktop\\CodeAtlas\\.venv\\lib\\site-packages\\sqlalchemy\\orm\\session.py", line 1316, in commit\n    self._prepare_impl()\n  File "<string>", line 2, in _prepare_impl\n  File "C:\\Users\\mulug\\OneDrive\\\u30c9\u30ad\u30e5\u30e1\u30f3\u30c8\\Desktop\\CodeAtlas\\.venv\\lib\\site-packages\\sqlalchemy\\orm\\state_changes.py", line 137, in _go\n    ret_value = fn(self, *arg, **kw)\n  File "C:\\Users\\mulug\\OneDrive\\\u30c9\u30ad\u30e5\u30e1\u30f3\u30c8\\Desktop\\CodeAtlas\\.venv\\lib\\site-packages\\sqlalchemy\\orm\\session.py", line 1290, in _prepare_impl\n    self.session.flush()\n  File "C:\\Users\\mulug\\OneDrive\\\u30c9\u30ad\u30e5\u30e1\u30f3\u30c8\\Desktop\\CodeAtlas\\.venv\\lib\\site-packages\\sqlalchemy\\orm\\session.py", line 4353, in flush\n    self._flush(objects)\n  File "C:\\Users\\mulug\\OneDrive\\\u30c9\u30ad\u30e5\u30e1\u30f3\u30c8\\Desktop\\CodeAtlas\\.venv\\lib\\site-packages\\sqlalchemy\\orm\\session.py", line 4488, in _flush\n    with util.safe_reraise():\n  File "C:\\Users\\mulug\\OneDrive\\\u30c9\u30ad\u30e5\u30e1\u30f3\u30c8\\Desktop\\CodeAtlas\\.venv\\lib\\site-packages\\sqlalchemy\\util\\langhelpers.py", line 122, in __exit__\n    raise exc_value.with_traceback(exc_tb)\n  File "C:\\Users\\mulug\\OneDrive\\\u30c9\u30ad\u30e5\u30e1\u30f3\u30c8\\Desktop\\CodeAtlas\\.venv\\lib\\site-packages\\sqlalchemy\\orm\\session.py", line 4449, in _flush\n    flush_context.execute()\n  File "C:\\Users\\mulug\\OneDrive\\\u30c9\u30ad\u30e5\u30e1\u30f3\u30c8\\Desktop\\CodeAtlas\\.venv\\lib\\site-packages\\sqlalchemy\\orm\\unitofwork.py", line 465, in execute\n    rec.execute(self)\n  File "C:\\Users\\mulug\\OneDrive\\\u30c9\u30ad\u30e5\u30e1\u30f3\u30c8\\Desktop\\CodeAtlas\\.venv\\lib\\site-packages\\sqlalchemy\\orm\\unitofwork.py", line 641, in execute\n    util.preloaded.orm_persistence.save_obj(\n  File "C:\\Users\\mulug\\OneDrive\\\u30c9\u30ad\u30e5\u30e1\u30f3\u30c8\\Desktop\\CodeAtlas\\.venv\\lib\\site-packages\\sqlalchemy\\orm\\persistence.py", line 94, in save_obj\n    _emit_insert_statements(\n  File "C:\\Users\\mulug\\OneDrive\\\u30c9\u30ad\u30e5\u30e1\u30f3\u30c8\\Desktop\\CodeAtlas\\.venv\\lib\\site-packages\\sqlalchemy\\orm\\persistence.py", line 1144, in _emit_insert_statements\n    result = connection.execute(\n  File "C:\\Users\\mulug\\OneDrive\\\u30c9\u30ad\u30e5\u30e1\u30f3\u30c8\\Desktop\\CodeAtlas\\.venv\\lib\\site-packages\\sqlalchemy\\engine\\base.py", line 1421, in execute\n    return meth(\n  File "C:\\Users\\mulug\\OneDrive\\\u30c9\u30ad\u30e5\u30e1\u30f3\u30c8\\Desktop\\CodeAtlas\\.venv\\lib\\site-packages\\sqlalchemy\\sql\\elements.py", line 526, in _execute_on_connection\n    return connection._execute_clauseelement(\n  File "C:\\Users\\mulug\\OneDrive\\\u30c9\u30ad\u30e5\u30e1\u30f3\u30c8\\Desktop\\CodeAtlas\\.venv\\lib\\site-packages\\sqlalchemy\\engine\\base.py", line 1643, in _execute_clauseelement\n    ret = self._execute_context(\n  File "C:\\Users\\mulug\\OneDrive\\\u30c9\u30ad\u30e5\u30e1\u30f3\u30c8\\Desktop\\CodeAtlas\\.venv\\lib\\site-packages\\sqlalchemy\\engine\\base.py", line 1846, in _execute_context\n    return self._exec_insertmany_context(dialect, context)\n  File "C:\\Users\\mulug\\OneDrive\\\u30c9\u30ad\u30e5\u30e1\u30f3\u30c8\\Desktop\\CodeAtlas\\.venv\\lib\\site-packages\\sqlalchemy\\engine\\base.py", line 2135, in _exec_insertmany_context\n    self._handle_dbapi_exception(\n  File "C:\\Users\\mulug\\OneDrive\\\u30c9\u30ad\u30e5\u30e1\u30f3\u30c8\\Desktop\\CodeAtlas\\.venv\\lib\\site-packages\\sqlalchemy\\engine\\base.py", line 2365, in _handle_dbapi_exception\n    raise sqlalchemy_exception.with_traceback(exc_info[2]) from e\n  File "C:\\Users\\mulug\\OneDrive\\\u30c9\u30ad\u30e5\u30e1\u30f3\u30c8\\Desktop\\CodeAtlas\\.venv\\lib\\site-packages\\sqlalchemy\\engine\\base.py", line 2127, in _exec_insertmany_context\n    dialect.do_execute(\n  File "C:\\Users\\mulug\\OneDrive\\\u30c9\u30ad\u30e5\u30e1\u30f3\u30c8\\Desktop\\CodeAtlas\\.venv\\lib\\site-packages\\sqlalchemy\\engine\\default.py", line 952, in do_execute\n    cursor.execute(statement, parameters)\nsqlalchemy.exc.OperationalError: (sqlite3.OperationalError) table architecture_recommendations has no column named recommendation_type\n[SQL: INSERT INTO architecture_recommendations (id, repo_id, category, recommendation_type, title, description, priority, confidence, risk, estimated_effort, expected_impact, status, payload, updated_at, is_latest) VALUES (?, ?, ?, ?, ?, ?, ?, ?, ?, ?, ?,  ... 232 characters truncated ... ?, ?, ?, ?, ?), (?, ?, ?, ?, ?, ?, ?, ?, ?, ?, ?, ?, ?, ?, ?) RETURNING created_at, generated_at, id]\n[parameters: ('rec_5d5306b7', 'test_architect_repo_id', 'scalability', 'scalability', "Split 'app/services/payment_service.py' \u2014 God Module (7 dependants)", "'app/services/payment_service.py' is a God Module: 7 modules depend on it while it itself depends on 5 others. This makes it a deployment bottleneck, a change-amplifier (one edit breaks many consumers), and the primary obstacle to horizontal scaling.", 1, 0.57, 'HIGH', '2\u20134 weeks', 'Reduce coupling by 60\u201380%, enable app/services/payment_service.py sub-components to be deployed and scaled independently.', 'open', '{"evidence": ["\\'app/services/payment_service.py\\' has **7 afferent** (incoming) and **5 efferent** (outgoing) dependencies.", "Node type: service \\\\ ... (540 characters truncated) ... ss_impact_score": 92.5, "technical_impact_score": 88.0, "risk_reduction_score": 98, "engineering_effort_score": 38.0, "health_improvement_pct": 25.2}', None, 1, 'rec_62853a27', 'test_architect_repo_id', 'refactoring', 'refactoring', 'Reduce Circular Dependencies \u2014 5 cycle(s) blocking independent deployment', "Circular dependencies prevent modules from being loaded independently, interfere with test isolation, and create hidden 'action at a distance' bugs.  ... (90 characters truncated) ... rd, mediator module. Resolving cycles typically uses the Dependency Inversion Principle \u2014 both sides depend on an abstraction rather than each other.", 2, 0.69, 'HIGH', '15\u201330 days', 'Eliminate circular imports, unblock tree-shaking/static analysis, enable independent module loading.', 'open', '{"evidence": ["Total circular dependency cycles: **5**", "  Cycle 1: `other_node_4 -> rec_node_god -> other_node_4`", "  Cycle 2: `other_node_6 -> re ... (628 characters truncated) ... mpact_score": 75.0, "technical_impact_score": 100.0, "risk_reduction_score": 100.0, "engineering_effort_score": 55.0, "health_improvement_pct": 22.8}', None, 1, 'rec_59263c42', 'test_architect_repo_id', 'design_pattern', 'design_pattern', 'Introduce Repository Pattern to isolate data access', 'API controllers or service classes are making direct database calls. This violates the Single Responsibility Principle \u2014 HTTP handlers should never own persistence logic. Introducing a Repository layer creates a clean boundary that lets each concern evolve independently.', 2, 0.52, 'HIGH', '1\u20132 weeks', 'Decouple HTTP layer from persistence, enable mock-based testing, swap DB without touching business logic.', 'open', '{"evidence": ["1 direct API\\\\u2192Database edge(s) detected, bypassing the service layer.", "  `app/api/v1/payments.py` \\\\u2192 `payments_table` (no  ... (303 characters truncated) ... ss_impact_score": 70.0, "technical_impact_score": 81.0, "risk_reduction_score": 92, "engineering_effort_score": 55.0, "health_improvement_pct": 17.6}', None, 1, 'rec_ef31d3b0', 'test_architect_repo_id', 'scalability', 'scalability', "'backend' is a Microservice extraction candidate (100% cohesion)" ... 5 parameters truncated ... "Extract 'backend' as an independent service with autonomous deployment and team ownership.", 'open', '{"evidence": ["Domain cluster \\'backend\\': 16 nodes, 100% internal cohesion.", "Only 0 external dependency edge(s) \\\\u2014 well-bounded context."], " ... (314 characters truncated) ... ss_impact_score": 92.5, "technical_impact_score": 85.0, "risk_reduction_score": 78, "engineering_effort_score": 88.0, "health_improvement_pct": 23.6}', None, 1, 'rec_98eb05c1', 'test_architect_repo_id', 'scalability', 'scalability', "Add Read Replicas \u2014 'payments_table' serves 7 consumers", "The database node 'payments_table' is consumed by 7 modules without any read/write separation. As read traffic grows, write operations compete for the same connection pool and lock resources. Adding a read replica routes query traffic to a hot-standby, reducing primary DB pressure.", 3, 0.48, 'MEDIUM', '1\u20132 weeks', 'Offload read traffic from primary DB, reduce write contention, improve read latency under load.', 'open', '{"evidence": ["Database node \\'payments_table\\' has 7 direct consumers (read + write mixed).", "No read replica or CQRS read model detected in the gr ... (432 characters truncated) ... ss_impact_score": 75.5, "technical_impact_score": 69.5, "risk_reduction_score": 50, "engineering_effort_score": 55.0, "health_improvement_pct": 14.4}', None, 1, 'rec_b0c82466', 'test_architect_repo_id', 'scalability', 'scalability', 'Add Redis Cache \u2014 2 uncached read hotspot(s) detected', 'Multiple functions are called by many consumers with no caching layer. The Redis broker is already present in the infrastructure (docker-compose). Adding a Cache-Aside pattern here requires minimal change with immediate latency and throughput benefit.', 3, 0.56, 'LOW', '3\u20135 days', 'Reduce DB read load by 50\u201370% for the top 2 endpoints. Redis broker is already in the stack.', 'open', '{"evidence": ["No Redis/cache layer detected in the repository graph.", "2 high-fanin read hotspot(s) found with no caching:", "  `app/services/payme ... (452 characters truncated) ... ss_impact_score": 72.5, "technical_impact_score": 66.0, "risk_reduction_score": 42, "engineering_effort_score": 38.0, "health_improvement_pct": 17.2}', None, 1, 'rec_aea2a3ee', 'test_architect_repo_id', 'design_pattern', 'design_pattern', 'Introduce CQRS \u2014 Separate read and write command paths', 'Multiple service nodes process both read queries and write commands through identical code paths. CQRS (Command Query Responsibility Segregation) separates these concerns, letting each side be optimised, tested, and scaled independently \u2014 particularly valuable as read volume grows.', 3, 0.42, 'MEDIUM', '3\u20136 weeks', 'Optimise query performance independently of write throughput, simplify each path, enable targeted scaling.', 'open', '{"evidence": ["1 module(s) acting as mixed read+write hubs detected.", "  `app/services/payment_service.py`: 7 incoming + 5 outgoing edges (mixed tra ... (338 characters truncated) ... ss_impact_score": 72.5, "technical_impact_score": 73.0, "risk_reduction_score": 60, "engineering_effort_score": 88.0, "health_improvement_pct": 14.6}', None, 1)]\n(Background on this error at: https://sqlalche.me/e/20/e3q8)
=========================== short test summary info ===========================
FAILED tests/test_architect.py::test_architect_recommendations_and_advisors
============================== 1 failed in 2.37s ==============================
